Successfully imported app
